###############################################################################
#                                                                             #
# IAR ELF Linker V6.30.1.53127/W32 for ARM              10/Feb/2013  17:48:18 #
# Copyright 2007-2011 IAR Systems AB.                                         #
#                                                                             #
#    Output file  =  D:\Aw_pers\Development\STM32\IAR\STM32F4-Discovery_FW_V1 #
#                    .1.0\Project\Demonstration\EWARM\Demo\Exe\STM32F4-Discov #
#                    ery_Demo.out                                             #
#    Map file     =  D:\Aw_pers\Development\STM32\IAR\STM32F4-Discovery_FW_V1 #
#                    .1.0\Project\Demonstration\EWARM\Demo\List\STM32F4-Disco #
#                    very_Demo.map                                            #
#    Command line =  D:\Aw_pers\Development\STM32\IAR\STM32F4-Discovery_FW_V1 #
#                    .1.0\Project\Demonstration\EWARM\Demo\Obj\main.o         #
#                    D:\Aw_pers\Development\STM32\IAR\STM32F4-Discovery_FW_V1 #
#                    .1.0\Project\Demonstration\EWARM\Demo\Obj\misc.o         #
#                    D:\Aw_pers\Development\STM32\IAR\STM32F4-Discovery_FW_V1 #
#                    .1.0\Project\Demonstration\EWARM\Demo\Obj\startup_stm32f #
#                    4xx.o D:\Aw_pers\Development\STM32\IAR\STM32F4-Discovery #
#                    _FW_V1.1.0\Project\Demonstration\EWARM\Demo\Obj\stm32f4_ #
#                    discovery.o D:\Aw_pers\Development\STM32\IAR\STM32F4-Dis #
#                    covery_FW_V1.1.0\Project\Demonstration\EWARM\Demo\Obj\st #
#                    m32f4_discovery_lis302dl.o D:\Aw_pers\Development\STM32\ #
#                    IAR\STM32F4-Discovery_FW_V1.1.0\Project\Demonstration\EW #
#                    ARM\Demo\Obj\stm32f4xx_adc.o                             #
#                    D:\Aw_pers\Development\STM32\IAR\STM32F4-Discovery_FW_V1 #
#                    .1.0\Project\Demonstration\EWARM\Demo\Obj\stm32f4xx_dac. #
#                    o D:\Aw_pers\Development\STM32\IAR\STM32F4-Discovery_FW_ #
#                    V1.1.0\Project\Demonstration\EWARM\Demo\Obj\stm32f4xx_dm #
#                    a.o D:\Aw_pers\Development\STM32\IAR\STM32F4-Discovery_F #
#                    W_V1.1.0\Project\Demonstration\EWARM\Demo\Obj\stm32f4xx_ #
#                    exti.o D:\Aw_pers\Development\STM32\IAR\STM32F4-Discover #
#                    y_FW_V1.1.0\Project\Demonstration\EWARM\Demo\Obj\stm32f4 #
#                    xx_flash.o D:\Aw_pers\Development\STM32\IAR\STM32F4-Disc #
#                    overy_FW_V1.1.0\Project\Demonstration\EWARM\Demo\Obj\stm #
#                    32f4xx_gpio.o D:\Aw_pers\Development\STM32\IAR\STM32F4-D #
#                    iscovery_FW_V1.1.0\Project\Demonstration\EWARM\Demo\Obj\ #
#                    stm32f4xx_i2c.o D:\Aw_pers\Development\STM32\IAR\STM32F4 #
#                    -Discovery_FW_V1.1.0\Project\Demonstration\EWARM\Demo\Ob #
#                    j\stm32f4xx_it.o D:\Aw_pers\Development\STM32\IAR\STM32F #
#                    4-Discovery_FW_V1.1.0\Project\Demonstration\EWARM\Demo\O #
#                    bj\stm32f4xx_rcc.o D:\Aw_pers\Development\STM32\IAR\STM3 #
#                    2F4-Discovery_FW_V1.1.0\Project\Demonstration\EWARM\Demo #
#                    \Obj\stm32f4xx_spi.o D:\Aw_pers\Development\STM32\IAR\ST #
#                    M32F4-Discovery_FW_V1.1.0\Project\Demonstration\EWARM\De #
#                    mo\Obj\stm32f4xx_syscfg.o D:\Aw_pers\Development\STM32\I #
#                    AR\STM32F4-Discovery_FW_V1.1.0\Project\Demonstration\EWA #
#                    RM\Demo\Obj\stm32f4xx_tim.o                              #
#                    D:\Aw_pers\Development\STM32\IAR\STM32F4-Discovery_FW_V1 #
#                    .1.0\Project\Demonstration\EWARM\Demo\Obj\stm32f4xx_usar #
#                    t.o D:\Aw_pers\Development\STM32\IAR\STM32F4-Discovery_F #
#                    W_V1.1.0\Project\Demonstration\EWARM\Demo\Obj\system_stm #
#                    32f4xx.o --redirect _Printf=_PrintfFull --redirect       #
#                    _Scanf=_ScanfFull -o D:\Aw_pers\Development\STM32\IAR\ST #
#                    M32F4-Discovery_FW_V1.1.0\Project\Demonstration\EWARM\De #
#                    mo\Exe\STM32F4-Discovery_Demo.out --map                  #
#                    D:\Aw_pers\Development\STM32\IAR\STM32F4-Discovery_FW_V1 #
#                    .1.0\Project\Demonstration\EWARM\Demo\List\STM32F4-Disco #
#                    very_Demo.map --config D:\Aw_pers\Development\STM32\IAR\ #
#                    STM32F4-Discovery_FW_V1.1.0\Project\Demonstration\EWARM\ #
#                    stm32f40x_flash.icf --semihosting --entry                #
#                    __iar_program_start --vfe                                #
#                                                                             #
#                                                                             #
###############################################################################

*******************************************************************************
*** RUNTIME MODEL ATTRIBUTES
***

CppFlavor       = *
__SystemLibrary = DLib


*******************************************************************************
*** PLACEMENT SUMMARY
***

"A1":  place at 0x08000000 { ro section .intvec };
"P1":  place in [from 0x08000000 to 0x080fffff] { ro };
"P2":  place in [from 0x20000000 to 0x2001ffff] { rw, block CSTACK, block HEAP };

  Section            Kind        Address    Size  Object
  -------            ----        -------    ----  ------
"A1":                                      0x188
  .intvec            ro code  0x08000000   0x188  startup_stm32f4xx.o [1]
                            - 0x08000188   0x188

"P1":                                     0x15dc
  .text              ro code  0x08000188   0x55c  main.o [1]
  .text              ro code  0x080006e4    0x56  ABImemcpy.o [5]
  .text              ro code  0x0800073a    0x2e  copy_init3.o [5]
  .text              ro code  0x08000768   0x2ac  stm32f4_discovery_lis302dl.o [1]
  .text              ro code  0x08000a14   0x1c0  stm32f4xx_rcc.o [1]
  .text              ro code  0x08000bd4   0x10c  stm32f4xx_gpio.o [1]
  .text              ro code  0x08000ce0   0x1dc  stm32f4xx_usart.o [1]
  .text              ro code  0x08000ebc    0x7c  misc.o [1]
  .text              ro code  0x08000f38   0x34a  stm32f4xx_tim.o [1]
  .text              ro code  0x08001282    0x22  zero_init3.o [5]
  .text              ro code  0x080012a4    0xe0  stm32f4xx_spi.o [1]
  .text              ro code  0x08001384   0x170  system_stm32f4xx.o [1]
  .text              ro code  0x080014f4    0x2c  data_init3.o [5]
  .iar.init_table    const    0x08001520    0x24  - Linker created -
  .text              ro code  0x08001544    0x1a  fpinit_M.o [4]
  .text              ro code  0x0800155e    0x18  stm32f4xx_it.o [1]
  .text              ro code  0x08001578    0x16  cmain.o [5]
  .text              ro code  0x0800158e     0x4  low_level_init.o [3]
  .text              ro code  0x08001592     0x4  exit.o [3]
  .text              ro code  0x08001598     0xa  cexit.o [5]
  .text              ro code  0x080015a4    0x14  exit.o [6]
  .text              ro code  0x080015b8    0x10  startup_stm32f4xx.o [1]
  .rodata            const    0x080015c8     0xc  main.o [1]
  .text              ro code  0x080015d4     0xc  cstartup_M.o [5]
  .text              ro code  0x080015e0     0x4  startup_stm32f4xx.o [1]
  .text              ro code  0x080015e4     0x4  startup_stm32f4xx.o [1]
  .text              ro code  0x080015e8     0x4  startup_stm32f4xx.o [1]
  .text              ro code  0x080015ec     0x4  startup_stm32f4xx.o [1]
  .text              ro code  0x080015f0     0x4  startup_stm32f4xx.o [1]
  .text              ro code  0x080015f4     0x4  startup_stm32f4xx.o [1]
  .text              ro code  0x080015f8     0x4  startup_stm32f4xx.o [1]
  .text              ro code  0x080015fc     0x4  startup_stm32f4xx.o [1]
  .text              ro code  0x08001600     0x4  startup_stm32f4xx.o [1]
  .text              ro code  0x08001604     0x4  startup_stm32f4xx.o [1]
  .text              ro code  0x08001608     0x4  startup_stm32f4xx.o [1]
  .text              ro code  0x0800160c     0x4  startup_stm32f4xx.o [1]
  .text              ro code  0x08001610     0x4  startup_stm32f4xx.o [1]
  .text              ro code  0x08001614     0x4  startup_stm32f4xx.o [1]
  .text              ro code  0x08001618     0x4  startup_stm32f4xx.o [1]
  .text              ro code  0x0800161c     0x4  startup_stm32f4xx.o [1]
  .text              ro code  0x08001620     0x4  startup_stm32f4xx.o [1]
  .text              ro code  0x08001624     0x4  startup_stm32f4xx.o [1]
  .text              ro code  0x08001628     0x4  startup_stm32f4xx.o [1]
  .text              ro code  0x0800162c     0x4  startup_stm32f4xx.o [1]
  .text              ro code  0x08001630     0x4  startup_stm32f4xx.o [1]
  .text              ro code  0x08001634     0x4  startup_stm32f4xx.o [1]
  .text              ro code  0x08001638     0x4  startup_stm32f4xx.o [1]
  .text              ro code  0x0800163c     0x4  startup_stm32f4xx.o [1]
  .text              ro code  0x08001640     0x4  startup_stm32f4xx.o [1]
  .text              ro code  0x08001644     0x4  startup_stm32f4xx.o [1]
  .text              ro code  0x08001648     0x4  startup_stm32f4xx.o [1]
  .text              ro code  0x0800164c     0x4  startup_stm32f4xx.o [1]
  .text              ro code  0x08001650     0x4  startup_stm32f4xx.o [1]
  .text              ro code  0x08001654     0x4  startup_stm32f4xx.o [1]
  .text              ro code  0x08001658     0x4  startup_stm32f4xx.o [1]
  .text              ro code  0x0800165c     0x4  startup_stm32f4xx.o [1]
  .text              ro code  0x08001660     0x4  startup_stm32f4xx.o [1]
  .text              ro code  0x08001664     0x4  startup_stm32f4xx.o [1]
  .text              ro code  0x08001668     0x4  startup_stm32f4xx.o [1]
  .text              ro code  0x0800166c     0x4  startup_stm32f4xx.o [1]
  .text              ro code  0x08001670     0x4  startup_stm32f4xx.o [1]
  .text              ro code  0x08001674     0x4  startup_stm32f4xx.o [1]
  .text              ro code  0x08001678     0x4  startup_stm32f4xx.o [1]
  .text              ro code  0x0800167c     0x4  startup_stm32f4xx.o [1]
  .text              ro code  0x08001680     0x4  startup_stm32f4xx.o [1]
  .text              ro code  0x08001684     0x4  startup_stm32f4xx.o [1]
  .text              ro code  0x08001688     0x4  startup_stm32f4xx.o [1]
  .text              ro code  0x0800168c     0x4  startup_stm32f4xx.o [1]
  .text              ro code  0x08001690     0x4  startup_stm32f4xx.o [1]
  .text              ro code  0x08001694     0x4  startup_stm32f4xx.o [1]
  .text              ro code  0x08001698     0x4  startup_stm32f4xx.o [1]
  .text              ro code  0x0800169c     0x4  startup_stm32f4xx.o [1]
  .text              ro code  0x080016a0     0x4  startup_stm32f4xx.o [1]
  .text              ro code  0x080016a4     0x4  startup_stm32f4xx.o [1]
  .text              ro code  0x080016a8     0x4  startup_stm32f4xx.o [1]
  .text              ro code  0x080016ac     0x4  startup_stm32f4xx.o [1]
  .text              ro code  0x080016b0     0x4  startup_stm32f4xx.o [1]
  .text              ro code  0x080016b4     0x4  startup_stm32f4xx.o [1]
  .text              ro code  0x080016b8     0x4  startup_stm32f4xx.o [1]
  .text              ro code  0x080016bc     0x4  startup_stm32f4xx.o [1]
  .text              ro code  0x080016c0     0x4  startup_stm32f4xx.o [1]
  .text              ro code  0x080016c4     0x4  startup_stm32f4xx.o [1]
  .text              ro code  0x080016c8     0x4  startup_stm32f4xx.o [1]
  .text              ro code  0x080016cc     0x4  startup_stm32f4xx.o [1]
  .text              ro code  0x080016d0     0x4  startup_stm32f4xx.o [1]
  .text              ro code  0x080016d4     0x4  startup_stm32f4xx.o [1]
  .text              ro code  0x080016d8     0x4  startup_stm32f4xx.o [1]
  .text              ro code  0x080016dc     0x4  startup_stm32f4xx.o [1]
  .text              ro code  0x080016e0     0x4  startup_stm32f4xx.o [1]
  .text              ro code  0x080016e4     0x4  startup_stm32f4xx.o [1]
  .text              ro code  0x080016e8     0x4  startup_stm32f4xx.o [1]
  .text              ro code  0x080016ec     0x4  startup_stm32f4xx.o [1]
  .text              ro code  0x080016f0     0x4  startup_stm32f4xx.o [1]
  .text              ro code  0x080016f4     0x4  startup_stm32f4xx.o [1]
  .text              ro code  0x080016f8     0x4  startup_stm32f4xx.o [1]
  .text              ro code  0x080016fc     0x4  startup_stm32f4xx.o [1]
  .text              ro code  0x08001700     0x4  startup_stm32f4xx.o [1]
  .text              ro code  0x08001704     0x4  startup_stm32f4xx.o [1]
  .text              ro code  0x08001708     0x4  startup_stm32f4xx.o [1]
  .text              ro code  0x0800170c     0x4  startup_stm32f4xx.o [1]
  .text              ro code  0x08001710     0x4  startup_stm32f4xx.o [1]
  .text              ro code  0x08001714     0x4  startup_stm32f4xx.o [1]
  .text              ro code  0x08001718     0x4  startup_stm32f4xx.o [1]
  .text              ro code  0x0800171c     0x4  startup_stm32f4xx.o [1]
  .text              ro code  0x08001720     0x4  startup_stm32f4xx.o [1]
  .text              ro code  0x08001724     0x4  startup_stm32f4xx.o [1]
  .text              ro code  0x08001728     0x4  startup_stm32f4xx.o [1]
  .text              ro code  0x0800172c     0x4  startup_stm32f4xx.o [1]
  .text              ro code  0x08001730     0x4  startup_stm32f4xx.o [1]
  .text              ro code  0x08001734     0x4  startup_stm32f4xx.o [1]
  .text              ro code  0x08001738     0x4  startup_stm32f4xx.o [1]
  .text              ro code  0x0800173c     0x4  startup_stm32f4xx.o [1]
  .text              ro code  0x08001740     0x4  startup_stm32f4xx.o [1]
  .text              ro code  0x08001744     0x4  startup_stm32f4xx.o [1]
  .text              ro code  0x08001748     0x4  startup_stm32f4xx.o [1]
  .rodata            const    0x0800174c     0x0  bwt_init3c.o [5]
  Initializer bytes  ro data  0x0800174c    0x18  <for P2 s0>
                            - 0x08001764  0x15dc

"P2", part 1 of 3:                          0x18
  P2 s0                       0x20000000    0x18  <Init block>
    .data            inited   0x20000000    0x10  stm32f4xx_rcc.o [1]
    .data            inited   0x20000010     0x4  stm32f4_discovery_lis302dl.o [1]
    .data            inited   0x20000014     0x4  system_stm32f4xx.o [1]
                            - 0x20000018    0x18

"P2", part 2 of 3:                          0x60
  .bss               zero     0x20000018    0x18  main.o [1]
  .bss               zero     0x20000030    0x14  main.o [1]
  .bss               zero     0x20000044    0x10  main.o [1]
  .bss               zero     0x20000054     0xc  main.o [1]
  .bss               zero     0x20000060     0x8  main.o [1]
  .bss               zero     0x20000068     0x4  main.o [1]
  .bss               zero     0x2000006c     0x4  main.o [1]
  .bss               zero     0x20000070     0x2  main.o [1]
  .bss               zero     0x20000072     0x2  main.o [1]
  .bss               zero     0x20000074     0x2  main.o [1]
  .bss               zero     0x20000076     0x1  main.o [1]
                            - 0x20000077    0x5f

"P2", part 3 of 3:                         0x400
  CSTACK                      0x20000078   0x400  <Block>
    CSTACK           uninit   0x20000078   0x400  <Block tail>
                            - 0x20000478   0x400


*******************************************************************************
*** INIT TABLE
***

          Address     Size
          -------     ----
Zero (__iar_zero_init3)
    1 destination range, total size 0x5f:
          0x20000018  0x5f

Copy (__iar_copy_init3)
    1 source range, total size 0x18:
          0x0800174c  0x18
    1 destination range, total size 0x18:
          0x20000000  0x18



*******************************************************************************
*** MODULE SUMMARY
***

    Module                        ro code  ro data  rw data
    ------                        -------  -------  -------
D:\Aw_pers\Development\STM32\IAR\STM32F4-Discovery_FW_V1.1.0\Project\Demonstration\EWARM\Demo\Obj: [1]
    main.o                          1 372       12       95
    misc.o                            124
    startup_stm32f4xx.o               772
    stm32f4_discovery_lis302dl.o      684        4        4
    stm32f4xx_gpio.o                  268
    stm32f4xx_it.o                     24
    stm32f4xx_rcc.o                   448       16       16
    stm32f4xx_spi.o                   224
    stm32f4xx_tim.o                   842
    stm32f4xx_usart.o                 476
    system_stm32f4xx.o                368        4        4
    -------------------------------------------------------
    Total:                          5 602       36      119

command line: [2]
    -------------------------------------------------------
    Total:

dl7M_tlf.a: [3]
    exit.o                              4
    low_level_init.o                    4
    -------------------------------------------------------
    Total:                              8

m7M_tlv.a: [4]
    fpinit_M.o                         26
    -------------------------------------------------------
    Total:                             26

rt7M_tl.a: [5]
    ABImemcpy.o                        86
    bwt_init3c.o
    cexit.o                            10
    cmain.o                            22
    copy_init3.o                       46
    cstartup_M.o                       12
    data_init3.o                       44
    zero_init3.o                       34
    -------------------------------------------------------
    Total:                            254

shb_l.a: [6]
    exit.o                             20
    -------------------------------------------------------
    Total:                             20

    Gaps                                6
    Linker created                              36    1 024
-----------------------------------------------------------
    Grand Total:                    5 916       72    1 143


*******************************************************************************
*** ENTRY LIST
***

Entry                      Address   Size  Type      Object
-----                      -------   ----  ----      ------
?main                   0x08001579         Code  Gb  cmain.o [5]
ADC_IRQHandler          0x0800164d         Code  Wk  startup_stm32f4xx.o [1]
APBAHBPrescTable        0x20000000   0x10  Data  Lc  stm32f4xx_rcc.o [1]
BusFault_Handler        0x08001565    0x2  Code  Gb  stm32f4xx_it.o [1]
CAN1_RX0_IRQHandler     0x08001655         Code  Wk  startup_stm32f4xx.o [1]
CAN1_RX1_IRQHandler     0x08001659         Code  Wk  startup_stm32f4xx.o [1]
CAN1_SCE_IRQHandler     0x0800165d         Code  Wk  startup_stm32f4xx.o [1]
CAN1_TX_IRQHandler      0x08001651         Code  Wk  startup_stm32f4xx.o [1]
CAN2_RX0_IRQHandler     0x08001705         Code  Wk  startup_stm32f4xx.o [1]
CAN2_RX1_IRQHandler     0x08001709         Code  Wk  startup_stm32f4xx.o [1]
CAN2_SCE_IRQHandler     0x0800170d         Code  Wk  startup_stm32f4xx.o [1]
CAN2_TX_IRQHandler      0x08001701         Code  Wk  startup_stm32f4xx.o [1]
CRYP_IRQHandler         0x08001741         Code  Wk  startup_stm32f4xx.o [1]
CSTACK$$Base            0x20000078          --   Gb  - Linker created -
CSTACK$$Limit           0x20000478          --   Gb  - Linker created -
Channel2Pulse           0x20000070    0x2  Data  Gb  main.o [1]
Channel3Pulse           0x20000072    0x2  Data  Gb  main.o [1]
Channel4Pulse           0x20000074    0x2  Data  Gb  main.o [1]
DCMI_IRQHandler         0x0800173d         Code  Wk  startup_stm32f4xx.o [1]
DMA1_Stream0_IRQHandler
                        0x08001631         Code  Wk  startup_stm32f4xx.o [1]
DMA1_Stream1_IRQHandler
                        0x08001635         Code  Wk  startup_stm32f4xx.o [1]
DMA1_Stream2_IRQHandler
                        0x08001639         Code  Wk  startup_stm32f4xx.o [1]
DMA1_Stream3_IRQHandler
                        0x0800163d         Code  Wk  startup_stm32f4xx.o [1]
DMA1_Stream4_IRQHandler
                        0x08001641         Code  Wk  startup_stm32f4xx.o [1]
DMA1_Stream5_IRQHandler
                        0x08001645         Code  Wk  startup_stm32f4xx.o [1]
DMA1_Stream6_IRQHandler
                        0x08001649         Code  Wk  startup_stm32f4xx.o [1]
DMA1_Stream7_IRQHandler
                        0x080016c1         Code  Wk  startup_stm32f4xx.o [1]
DMA2_Stream0_IRQHandler
                        0x080016e5         Code  Wk  startup_stm32f4xx.o [1]
DMA2_Stream1_IRQHandler
                        0x080016e9         Code  Wk  startup_stm32f4xx.o [1]
DMA2_Stream2_IRQHandler
                        0x080016ed         Code  Wk  startup_stm32f4xx.o [1]
DMA2_Stream3_IRQHandler
                        0x080016f1         Code  Wk  startup_stm32f4xx.o [1]
DMA2_Stream4_IRQHandler
                        0x080016f5         Code  Wk  startup_stm32f4xx.o [1]
DMA2_Stream5_IRQHandler
                        0x08001715         Code  Wk  startup_stm32f4xx.o [1]
DMA2_Stream6_IRQHandler
                        0x08001719         Code  Wk  startup_stm32f4xx.o [1]
DMA2_Stream7_IRQHandler
                        0x0800171d         Code  Wk  startup_stm32f4xx.o [1]
DebugMon_Handler        0x0800156b    0x2  Code  Gb  stm32f4xx_it.o [1]
Delay                   0x08000445   0x10  Code  Gb  main.o [1]
ETH_IRQHandler          0x080016f9         Code  Wk  startup_stm32f4xx.o [1]
ETH_WKUP_IRQHandler     0x080016fd         Code  Wk  startup_stm32f4xx.o [1]
EXTI0_IRQHandler        0x0800161d         Code  Wk  startup_stm32f4xx.o [1]
EXTI15_10_IRQHandler    0x080016a5         Code  Wk  startup_stm32f4xx.o [1]
EXTI1_IRQHandler        0x08001621         Code  Wk  startup_stm32f4xx.o [1]
EXTI2_IRQHandler        0x08001625         Code  Wk  startup_stm32f4xx.o [1]
EXTI3_IRQHandler        0x08001629         Code  Wk  startup_stm32f4xx.o [1]
EXTI4_IRQHandler        0x0800162d         Code  Wk  startup_stm32f4xx.o [1]
EXTI9_5_IRQHandler      0x08001661         Code  Wk  startup_stm32f4xx.o [1]
FLASH_IRQHandler        0x08001615         Code  Wk  startup_stm32f4xx.o [1]
FPU_IRQHandler          0x08001749         Code  Wk  startup_stm32f4xx.o [1]
FSMC_IRQHandler         0x080016c5         Code  Wk  startup_stm32f4xx.o [1]
GPIO_Init               0x08000bd5   0xaa  Code  Gb  stm32f4xx_gpio.o [1]
GPIO_PinAFConfig        0x08000c87   0x5a  Code  Gb  stm32f4xx_gpio.o [1]
GPIO_ResetBits          0x08000c83    0x4  Code  Gb  stm32f4xx_gpio.o [1]
GPIO_SetBits            0x08000c7f    0x4  Code  Gb  stm32f4xx_gpio.o [1]
HASH_RNG_IRQHandler     0x08001745         Code  Wk  startup_stm32f4xx.o [1]
HardFault_Handler       0x08001561    0x2  Code  Gb  stm32f4xx_it.o [1]
I2C1_ER_IRQHandler      0x08001685         Code  Wk  startup_stm32f4xx.o [1]
I2C1_EV_IRQHandler      0x08001681         Code  Wk  startup_stm32f4xx.o [1]
I2C2_ER_IRQHandler      0x0800168d         Code  Wk  startup_stm32f4xx.o [1]
I2C2_EV_IRQHandler      0x08001689         Code  Wk  startup_stm32f4xx.o [1]
I2C3_ER_IRQHandler      0x08001729         Code  Wk  startup_stm32f4xx.o [1]
I2C3_EV_IRQHandler      0x08001725         Code  Wk  startup_stm32f4xx.o [1]
LIS302DLTimeout         0x20000010    0x4  Data  Gb  stm32f4_discovery_lis302dl.o [1]
LIS302DL_FilterConfig   0x0800079b   0x42  Code  Gb  stm32f4_discovery_lis302dl.o [1]
LIS302DL_FilterStruct   0x2000006c    0x4  Data  Gb  main.o [1]
LIS302DL_Init           0x08000769   0x32  Code  Gb  stm32f4_discovery_lis302dl.o [1]
LIS302DL_InitStruct     0x20000060    0x8  Data  Gb  main.o [1]
LIS302DL_LowLevel_Init  0x08000861  0x132  Code  Lc  stm32f4_discovery_lis302dl.o [1]
LIS302DL_Read           0x0800081b   0x46  Code  Gb  stm32f4_discovery_lis302dl.o [1]
LIS302DL_SendByte       0x08000993   0x6e  Code  Lc  stm32f4_discovery_lis302dl.o [1]
LIS302DL_TIMEOUT_UserCallback
                        0x08000217    0x2  Code  Gb  main.o [1]
LIS302DL_Write          0x080007dd   0x3e  Code  Gb  stm32f4_discovery_lis302dl.o [1]
MemManage_Handler       0x08001563    0x2  Code  Gb  stm32f4xx_it.o [1]
NMI_Handler             0x0800155f    0x2  Code  Gb  stm32f4xx_it.o [1]
NVIC_Init               0x08000ebd   0x6a  Code  Gb  misc.o [1]
OTG_FS_IRQHandler       0x08001711         Code  Wk  startup_stm32f4xx.o [1]
OTG_FS_WKUP_IRQHandler  0x080016ad         Code  Wk  startup_stm32f4xx.o [1]
OTG_HS_EP1_IN_IRQHandler
                        0x08001731         Code  Wk  startup_stm32f4xx.o [1]
OTG_HS_EP1_OUT_IRQHandler
                        0x0800172d         Code  Wk  startup_stm32f4xx.o [1]
OTG_HS_IRQHandler       0x08001739         Code  Wk  startup_stm32f4xx.o [1]
OTG_HS_WKUP_IRQHandler  0x08001735         Code  Wk  startup_stm32f4xx.o [1]
PVD_IRQHandler          0x08001609         Code  Wk  startup_stm32f4xx.o [1]
PWM1_Config             0x080004b9   0xf2  Code  Gb  main.o [1]
PWM3_Config             0x080005ab   0xc0  Code  Gb  main.o [1]
PWM_SetDC               0x080003e7   0x4a  Code  Gb  main.o [1]
PendSV_Handler          0x0800156d    0x2  Code  Gb  stm32f4xx_it.o [1]
RCC_AHB1PeriphClockCmd  0x08000b15   0x1e  Code  Gb  stm32f4xx_rcc.o [1]
RCC_APB1PeriphClockCmd  0x08000b33   0x1e  Code  Gb  stm32f4xx_rcc.o [1]
RCC_APB1PeriphResetCmd  0x08000b6f   0x1e  Code  Gb  stm32f4xx_rcc.o [1]
RCC_APB2PeriphClockCmd  0x08000b51   0x1e  Code  Gb  stm32f4xx_rcc.o [1]
RCC_APB2PeriphResetCmd  0x08000b8d   0x1e  Code  Gb  stm32f4xx_rcc.o [1]
RCC_GetClocksFreq       0x08000a15  0x100  Code  Gb  stm32f4xx_rcc.o [1]
RCC_IRQHandler          0x08001619         Code  Wk  startup_stm32f4xx.o [1]
RTC_Alarm_IRQHandler    0x080016a9         Code  Wk  startup_stm32f4xx.o [1]
RTC_WKUP_IRQHandler     0x08001611         Code  Wk  startup_stm32f4xx.o [1]
Region$$Table$$Base     0x08001520          --   Gb  - Linker created -
Region$$Table$$Limit    0x08001544          --   Gb  - Linker created -
Reset_Handler           0x080015b9         Code  Wk  startup_stm32f4xx.o [1]
SDIO_IRQHandler         0x080016c9         Code  Wk  startup_stm32f4xx.o [1]
SPI1_IRQHandler         0x08001691         Code  Wk  startup_stm32f4xx.o [1]
SPI2_IRQHandler         0x08001695         Code  Wk  startup_stm32f4xx.o [1]
SPI3_IRQHandler         0x080016d1         Code  Wk  startup_stm32f4xx.o [1]
SPI_Cmd                 0x08001349   0x1c  Code  Gb  stm32f4xx_spi.o [1]
SPI_I2S_DeInit          0x080012a5   0x58  Code  Gb  stm32f4xx_spi.o [1]
SPI_I2S_GetFlagStatus   0x0800136d   0x18  Code  Gb  stm32f4xx_spi.o [1]
SPI_I2S_ReceiveData     0x08001365    0x4  Code  Gb  stm32f4xx_spi.o [1]
SPI_I2S_SendData        0x08001369    0x4  Code  Gb  stm32f4xx_spi.o [1]
SPI_Init                0x080012fd   0x40  Code  Gb  stm32f4xx_spi.o [1]
SVC_Handler             0x08001569    0x2  Code  Gb  stm32f4xx_it.o [1]
SetSysClock             0x080013cb   0xf4  Code  Lc  system_stm32f4xx.o [1]
SysTick_Handler         0x0800156f    0x8  Code  Gb  stm32f4xx_it.o [1]
SystemCoreClock         0x20000014    0x4  Data  Gb  system_stm32f4xx.o [1]
SystemInit              0x08001385   0x46  Code  Gb  system_stm32f4xx.o [1]
TAMP_STAMP_IRQHandler   0x0800160d         Code  Wk  startup_stm32f4xx.o [1]
TIM1_BRK_TIM9_IRQHandler
                        0x08001665         Code  Wk  startup_stm32f4xx.o [1]
TIM1_CC_IRQHandler      0x08001671         Code  Wk  startup_stm32f4xx.o [1]
TIM1_Config             0x08000455   0x64  Code  Gb  main.o [1]
TIM1_TRG_COM_TIM11_IRQHandler
                        0x0800166d         Code  Wk  startup_stm32f4xx.o [1]
TIM1_UP_TIM10_IRQHandler
                        0x08001669         Code  Wk  startup_stm32f4xx.o [1]
TIM2_IRQHandler         0x08001675         Code  Wk  startup_stm32f4xx.o [1]
TIM3_Config             0x08000379   0x6e  Code  Gb  main.o [1]
TIM3_IRQHandler         0x08001679         Code  Wk  startup_stm32f4xx.o [1]
TIM4_IRQHandler         0x0800167d         Code  Wk  startup_stm32f4xx.o [1]
TIM5_IRQHandler         0x080016cd         Code  Wk  startup_stm32f4xx.o [1]
TIM6_DAC_IRQHandler     0x080016dd         Code  Wk  startup_stm32f4xx.o [1]
TIM7_IRQHandler         0x080016e1         Code  Wk  startup_stm32f4xx.o [1]
TIM8_BRK_TIM12_IRQHandler
                        0x080016b1         Code  Wk  startup_stm32f4xx.o [1]
TIM8_CC_IRQHandler      0x080016bd         Code  Wk  startup_stm32f4xx.o [1]
TIM8_TRG_COM_TIM14_IRQHandler
                        0x080016b9         Code  Wk  startup_stm32f4xx.o [1]
TIM8_UP_TIM13_IRQHandler
                        0x080016b5         Code  Wk  startup_stm32f4xx.o [1]
TIM_ARRPreloadConfig    0x08000fa3   0x1c  Code  Gb  stm32f4xx_tim.o [1]
TIM_BDTRConfig          0x08001241   0x20  Code  Gb  stm32f4xx_tim.o [1]
TIM_BDTRInitStructure   0x20000044   0x10  Data  Gb  main.o [1]
TIM_Cmd                 0x08000fbf   0x1c  Code  Gb  stm32f4xx_tim.o [1]
TIM_CtrlPWMOutputs      0x08001261   0x22  Code  Gb  stm32f4xx_tim.o [1]
TIM_OC1Init             0x08000fdb   0x7e  Code  Gb  stm32f4xx_tim.o [1]
TIM_OC1PreloadConfig    0x080011f5   0x12  Code  Gb  stm32f4xx_tim.o [1]
TIM_OC2Init             0x08001059   0x8c  Code  Gb  stm32f4xx_tim.o [1]
TIM_OC2PreloadConfig    0x08001207   0x14  Code  Gb  stm32f4xx_tim.o [1]
TIM_OC3Init             0x080010e5   0x8a  Code  Gb  stm32f4xx_tim.o [1]
TIM_OC3PreloadConfig    0x0800121b   0x12  Code  Gb  stm32f4xx_tim.o [1]
TIM_OC4Init             0x0800116f   0x68  Code  Gb  stm32f4xx_tim.o [1]
TIM_OC4PreloadConfig    0x0800122d   0x14  Code  Gb  stm32f4xx_tim.o [1]
TIM_OCInitStructure     0x20000030   0x14  Data  Gb  main.o [1]
TIM_TimeBaseInit        0x08000f39   0x6a  Code  Gb  stm32f4xx_tim.o [1]
TIM_TimeBaseStructure   0x20000054    0xc  Data  Gb  main.o [1]
TimingDelay             0x20000068    0x4  Data  Lc  main.o [1]
TimingDelay_Decrement   0x08000431   0x14  Code  Gb  main.o [1]
UART4_IRQHandler        0x080016d5         Code  Wk  startup_stm32f4xx.o [1]
UART5_IRQHandler        0x080016d9         Code  Wk  startup_stm32f4xx.o [1]
USART1_IRQHandler       0x0800032b   0x4e  Code  Gb  main.o [1]
USART2_IRQHandler       0x0800169d         Code  Wk  startup_stm32f4xx.o [1]
USART3_IRQHandler       0x080016a1         Code  Wk  startup_stm32f4xx.o [1]
USART6_IRQHandler       0x08001721         Code  Wk  startup_stm32f4xx.o [1]
USART_Cmd               0x08000ddd   0x1c  Code  Gb  stm32f4xx_usart.o [1]
USART_GetITStatus       0x08000e4f   0x6e  Code  Gb  stm32f4xx_usart.o [1]
USART_ITConfig          0x08000df9   0x56  Code  Gb  stm32f4xx_usart.o [1]
USART_Init              0x08000ce1   0xee  Code  Gb  stm32f4xx_usart.o [1]
UsageFault_Handler      0x08001567    0x2  Code  Gb  stm32f4xx_it.o [1]
WWDG_IRQHandler         0x08001605         Code  Wk  startup_stm32f4xx.o [1]
__aeabi_memcpy4         0x080006e5         Code  Gb  ABImemcpy.o [5]
__aeabi_memcpy8         0x080006e5         Code  Gb  ABImemcpy.o [5]
__cmain                 0x08001579         Code  Gb  cmain.o [5]
__exit                  0x080015a5   0x14  Code  Gb  exit.o [6]
__iar_SB                0x0800174c         Data  Gb  bwt_init3c.o [5]
__iar_copy_init3        0x0800073b   0x2e  Code  Gb  copy_init3.o [5]
__iar_data_init3        0x080014f5   0x2c  Code  Gb  data_init3.o [5]
__iar_init_vfp          0x08001545         Code  Gb  fpinit_M.o [4]
__iar_program_start     0x080015d5         Code  Gb  cstartup_M.o [5]
__iar_zero_init3        0x08001283   0x22  Code  Gb  zero_init3.o [5]
__low_level_init        0x0800158f    0x4  Code  Gb  low_level_init.o [3]
__vector_table          0x08000000         Data  Gb  startup_stm32f4xx.o [1]
_call_main              0x08001585         Code  Gb  cmain.o [5]
_exit                   0x08001599         Code  Gb  cexit.o [5]
_main                   0x0800158b         Code  Gb  cmain.o [5]
exit                    0x08001593    0x4  Code  Gb  exit.o [3]
init_LIS302DL           0x08000219   0x5a  Code  Gb  main.o [1]
init_USART1             0x08000273   0xb8  Code  Gb  main.o [1]
main                    0x08000189   0x8e  Code  Gb  main.o [1]
received_string         0x20000018   0x18  Data  Gb  main.o [1]


[1] = D:\Aw_pers\Development\STM32\IAR\STM32F4-Discovery_FW_V1.1.0\Project\Demonstration\EWARM\Demo\Obj
[2] = command line
[3] = dl7M_tlf.a
[4] = m7M_tlv.a
[5] = rt7M_tl.a
[6] = shb_l.a

  5 916 bytes of readonly  code memory
     72 bytes of readonly  data memory
  1 143 bytes of readwrite data memory

Errors: none
Warnings: none
